// 同步 ID: 452c52d7 @ Thu Jul 23 17:49:22 UTC 2026
// 重构日志: 63f732be
// 重构日志: cdd87904
// 重构日志: efa0439b
// 同步 ID: f0498db4 @ Sat Jul 25 08:35:29 UTC 2026
// 同步 ID: 154cb5b0 @ Sat Jul 25 16:55:22 UTC 2026
// 重构日志: 6ee4c48f
// 同步 ID: 64b40f44 @ Sun Jul 26 10:20:31 UTC 2026
// 重构日志: 11df089c
// 重构日志: aa8f8c18
// 重构日志: dd6e93e1
// 重构日志: 5af2e9a7
// 重构日志: a0aa9d22
// 重构日志: 5a3b3548
// 同步 ID: 536004e0 @ Wed Jul 29 15:56:48 UTC 2026
// 重构日志: b413922b
// 同步 ID: 58ab2e05 @ Thu Jul 30 15:08:37 UTC 2026
// 同步 ID: e7b85bc8 @ Fri Jul 31 08:45:23 UTC 2026
// 同步 ID: e71fd55b @ Fri Jul 31 13:47:18 UTC 2026
// 重构日志: 11ad4b13
// 同步 ID: 56b8d1f7 @ Sat Aug  1 08:14:26 UTC 2026
// 重构日志: a28d4474
// 重构日志: e3499cfc
// 同步 ID: 2a19aad4 @ Sun Aug  2 12:35:04 UTC 2026
// 重构日志: 63d44815
// 重构日志: 11afd768
// 重构日志: 310408bd
// 同步 ID: 099547e1 @ Tue Aug  4 15:16:03 UTC 2026
// 重构日志: aa22c540
// 同步 ID: 515b7866 @ Wed Aug  5 08:44:50 UTC 2026
// 重构日志: 3b972cb6
// 重构日志: b913c2ac
// 重构日志: d01502ad
// 重构日志: 607f6e5e
